[04-Jun-2026 08:14:54 UTC] Xdebug: [Step Debug] Could not connect to debugging client. Tried: host.docker.internal:9003 (through xdebug.client_host/xdebug.client_port).
[04-Jun-2026 08:14:54 UTC] Xdebug: [Step Debug] Could not connect to debugging client. Tried: host.docker.internal:9003 (through xdebug.client_host/xdebug.client_port).
[04-Jun-2026 08:14:54 UTC] Xdebug: [Step Debug] Could not connect to debugging client. Tried: host.docker.internal:9003 (through xdebug.client_host/xdebug.client_port).
[04-Jun-2026 08:14:54 UTC] Xdebug: [Step Debug] Could not connect to debugging client. Tried: host.docker.internal:9003 (through xdebug.client_host/xdebug.client_port).
[04-Jun-2026 08:15:21 UTC] Xdebug: [Step Debug] Could not connect to debugging client. Tried: host.docker.internal:9003 (through xdebug.client_host/xdebug.client_port).
[04-Jun-2026 08:15:21 UTC] Xdebug: [Step Debug] Could not connect to debugging client. Tried: host.docker.internal:9003 (through xdebug.client_host/xdebug.client_port).
[04-Jun-2026 08:15:21 UTC] Xdebug: [Step Debug] Could not connect to debugging client. Tried: host.docker.internal:9003 (through xdebug.client_host/xdebug.client_port).
[04-Jun-2026 08:18:03 UTC] Xdebug: [Step Debug] Could not connect to debugging client. Tried: host.docker.internal:9003 (through xdebug.client_host/xdebug.client_port).
[04-Jun-2026 08:18:03 UTC] Xdebug: [Step Debug] Could not connect to debugging client. Tried: host.docker.internal:9003 (through xdebug.client_host/xdebug.client_port).
[04-Jun-2026 08:18:03 UTC] Xdebug: [Step Debug] Could not connect to debugging client. Tried: host.docker.internal:9003 (through xdebug.client_host/xdebug.client_port).
[04-Jun-2026 08:18:03 UTC] Xdebug: [Step Debug] Could not connect to debugging client. Tried: host.docker.internal:9003 (through xdebug.client_host/xdebug.client_port).
[04-Jun-2026 08:20:16 UTC] Xdebug: [Step Debug] Could not connect to debugging client. Tried: host.docker.internal:9003 (through xdebug.client_host/xdebug.client_port).
[04-Jun-2026 08:20:16 UTC] Xdebug: [Step Debug] Could not connect to debugging client. Tried: host.docker.internal:9003 (through xdebug.client_host/xdebug.client_port).
[04-Jun-2026 08:20:16 UTC] Xdebug: [Step Debug] Could not connect to debugging client. Tried: host.docker.internal:9003 (through xdebug.client_host/xdebug.client_port).
[04-Jun-2026 08:20:16 UTC] Xdebug: [Step Debug] Could not connect to debugging client. Tried: host.docker.internal:9003 (through xdebug.client_host/xdebug.client_port).
[04-Jun-2026 08:24:06 UTC] Xdebug: [Step Debug] Could not connect to debugging client. Tried: host.docker.internal:9003 (through xdebug.client_host/xdebug.client_port).
[04-Jun-2026 08:24:06 UTC] Xdebug: [Step Debug] Could not connect to debugging client. Tried: host.docker.internal:9003 (through xdebug.client_host/xdebug.client_port).
[04-Jun-2026 08:24:06 UTC] Xdebug: [Step Debug] Could not connect to debugging client. Tried: host.docker.internal:9003 (through xdebug.client_host/xdebug.client_port).
[04-Jun-2026 08:24:06 UTC] Xdebug: [Step Debug] Could not connect to debugging client. Tried: host.docker.internal:9003 (through xdebug.client_host/xdebug.client_port).
[04-Jun-2026 08:24:33 UTC] Xdebug: [Step Debug] Could not connect to debugging client. Tried: host.docker.internal:9003 (through xdebug.client_host/xdebug.client_port).
[04-Jun-2026 08:24:33 UTC] Xdebug: [Step Debug] Could not connect to debugging client. Tried: host.docker.internal:9003 (through xdebug.client_host/xdebug.client_port).
[04-Jun-2026 08:24:33 UTC] Xdebug: [Step Debug] Could not connect to debugging client. Tried: host.docker.internal:9003 (through xdebug.client_host/xdebug.client_port).
[04-Jun-2026 08:24:33 UTC] Xdebug: [Step Debug] Could not connect to debugging client. Tried: host.docker.internal:9003 (through xdebug.client_host/xdebug.client_port).
[04-Jun-2026 08:24:36 UTC] Xdebug: [Step Debug] Could not connect to debugging client. Tried: host.docker.internal:9003 (through xdebug.client_host/xdebug.client_port).
[04-Jun-2026 08:24:36 UTC] Xdebug: [Step Debug] Could not connect to debugging client. Tried: host.docker.internal:9003 (through xdebug.client_host/xdebug.client_port).
[04-Jun-2026 08:24:36 UTC] Xdebug: [Step Debug] Could not connect to debugging client. Tried: host.docker.internal:9003 (through xdebug.client_host/xdebug.client_port).
[04-Jun-2026 08:24:36 UTC] Xdebug: [Step Debug] Could not connect to debugging client. Tried: host.docker.internal:9003 (through xdebug.client_host/xdebug.client_port).
[04-Jun-2026 08:24:51 UTC] Xdebug: [Step Debug] Could not connect to debugging client. Tried: host.docker.internal:9003 (through xdebug.client_host/xdebug.client_port).
[04-Jun-2026 08:24:51 UTC] Xdebug: [Step Debug] Could not connect to debugging client. Tried: host.docker.internal:9003 (through xdebug.client_host/xdebug.client_port).
[04-Jun-2026 08:24:51 UTC] Xdebug: [Step Debug] Could not connect to debugging client. Tried: host.docker.internal:9003 (through xdebug.client_host/xdebug.client_port).
[04-Jun-2026 08:24:51 UTC] Xdebug: [Step Debug] Could not connect to debugging client. Tried: host.docker.internal:9003 (through xdebug.client_host/xdebug.client_port).
[04-Jun-2026 08:25:03 UTC] Xdebug: [Step Debug] Could not connect to debugging client. Tried: host.docker.internal:9003 (through xdebug.client_host/xdebug.client_port).
[04-Jun-2026 08:25:03 UTC] Xdebug: [Step Debug] Could not connect to debugging client. Tried: host.docker.internal:9003 (through xdebug.client_host/xdebug.client_port).
[04-Jun-2026 08:25:03 UTC] Xdebug: [Step Debug] Could not connect to debugging client. Tried: host.docker.internal:9003 (through xdebug.client_host/xdebug.client_port).
[04-Jun-2026 08:25:03 UTC] Xdebug: [Step Debug] Could not connect to debugging client. Tried: host.docker.internal:9003 (through xdebug.client_host/xdebug.client_port).
[04-Jun-2026 08:25:29 UTC] Xdebug: [Step Debug] Could not connect to debugging client. Tried: host.docker.internal:9003 (through xdebug.client_host/xdebug.client_port).
[04-Jun-2026 08:25:29 UTC] Xdebug: [Step Debug] Could not connect to debugging client. Tried: host.docker.internal:9003 (through xdebug.client_host/xdebug.client_port).
[04-Jun-2026 08:25:29 UTC] Xdebug: [Step Debug] Could not connect to debugging client. Tried: host.docker.internal:9003 (through xdebug.client_host/xdebug.client_port).
[04-Jun-2026 08:25:29 UTC] Xdebug: [Step Debug] Could not connect to debugging client. Tried: host.docker.internal:9003 (through xdebug.client_host/xdebug.client_port).
[04-Jun-2026 08:26:48 UTC] Xdebug: [Step Debug] Could not connect to debugging client. Tried: host.docker.internal:9003 (through xdebug.client_host/xdebug.client_port).
[04-Jun-2026 08:26:48 UTC] Xdebug: [Step Debug] Could not connect to debugging client. Tried: host.docker.internal:9003 (through xdebug.client_host/xdebug.client_port).
[04-Jun-2026 08:26:48 UTC] Xdebug: [Step Debug] Could not connect to debugging client. Tried: host.docker.internal:9003 (through xdebug.client_host/xdebug.client_port).
[04-Jun-2026 08:26:48 UTC] Xdebug: [Step Debug] Could not connect to debugging client. Tried: host.docker.internal:9003 (through xdebug.client_host/xdebug.client_port).
[04-Jun-2026 08:26:51 UTC] Xdebug: [Step Debug] Could not connect to debugging client. Tried: host.docker.internal:9003 (through xdebug.client_host/xdebug.client_port).
[04-Jun-2026 08:26:51 UTC] Xdebug: [Step Debug] Could not connect to debugging client. Tried: host.docker.internal:9003 (through xdebug.client_host/xdebug.client_port).
[04-Jun-2026 08:26:51 UTC] Xdebug: [Step Debug] Could not connect to debugging client. Tried: host.docker.internal:9003 (through xdebug.client_host/xdebug.client_port).
[04-Jun-2026 08:26:51 UTC] Xdebug: [Step Debug] Could not connect to debugging client. Tried: host.docker.internal:9003 (through xdebug.client_host/xdebug.client_port).
[04-Jun-2026 08:27:07 UTC] Xdebug: [Step Debug] Could not connect to debugging client. Tried: host.docker.internal:9003 (through xdebug.client_host/xdebug.client_port).
[04-Jun-2026 08:27:07 UTC] Xdebug: [Step Debug] Could not connect to debugging client. Tried: host.docker.internal:9003 (through xdebug.client_host/xdebug.client_port).
[04-Jun-2026 08:27:07 UTC] Xdebug: [Step Debug] Could not connect to debugging client. Tried: host.docker.internal:9003 (through xdebug.client_host/xdebug.client_port).
[04-Jun-2026 08:27:07 UTC] Xdebug: [Step Debug] Could not connect to debugging client. Tried: host.docker.internal:9003 (through xdebug.client_host/xdebug.client_port).
[04-Jun-2026 08:27:43 UTC] Xdebug: [Step Debug] Could not connect to debugging client. Tried: host.docker.internal:9003 (through xdebug.client_host/xdebug.client_port).
[04-Jun-2026 08:27:43 UTC] Xdebug: [Step Debug] Could not connect to debugging client. Tried: host.docker.internal:9003 (through xdebug.client_host/xdebug.client_port).
[04-Jun-2026 08:27:43 UTC] Xdebug: [Step Debug] Could not connect to debugging client. Tried: host.docker.internal:9003 (through xdebug.client_host/xdebug.client_port).
[04-Jun-2026 08:27:43 UTC] Xdebug: [Step Debug] Could not connect to debugging client. Tried: host.docker.internal:9003 (through xdebug.client_host/xdebug.client_port).
[04-Jun-2026 08:27:56 UTC] Xdebug: [Step Debug] Could not connect to debugging client. Tried: host.docker.internal:9003 (through xdebug.client_host/xdebug.client_port).
[04-Jun-2026 08:27:56 UTC] Xdebug: [Step Debug] Could not connect to debugging client. Tried: host.docker.internal:9003 (through xdebug.client_host/xdebug.client_port).
[04-Jun-2026 08:27:56 UTC] Xdebug: [Step Debug] Could not connect to debugging client. Tried: host.docker.internal:9003 (through xdebug.client_host/xdebug.client_port).
[04-Jun-2026 08:27:56 UTC] Xdebug: [Step Debug] Could not connect to debugging client. Tried: host.docker.internal:9003 (through xdebug.client_host/xdebug.client_port).
[04-Jun-2026 08:29:22 UTC] Xdebug: [Step Debug] Could not connect to debugging client. Tried: host.docker.internal:9003 (through xdebug.client_host/xdebug.client_port).
[04-Jun-2026 08:29:22 UTC] Xdebug: [Step Debug] Could not connect to debugging client. Tried: host.docker.internal:9003 (through xdebug.client_host/xdebug.client_port).
[04-Jun-2026 08:29:22 UTC] Xdebug: [Step Debug] Could not connect to debugging client. Tried: host.docker.internal:9003 (through xdebug.client_host/xdebug.client_port).
[04-Jun-2026 08:29:22 UTC] Xdebug: [Step Debug] Could not connect to debugging client. Tried: host.docker.internal:9003 (through xdebug.client_host/xdebug.client_port).
[04-Jun-2026 08:33:00 UTC] Xdebug: [Step Debug] Could not connect to debugging client. Tried: host.docker.internal:9003 (through xdebug.client_host/xdebug.client_port).
[04-Jun-2026 08:33:00 UTC] Xdebug: [Step Debug] Could not connect to debugging client. Tried: host.docker.internal:9003 (through xdebug.client_host/xdebug.client_port).
[04-Jun-2026 08:33:00 UTC] Xdebug: [Step Debug] Could not connect to debugging client. Tried: host.docker.internal:9003 (through xdebug.client_host/xdebug.client_port).
[04-Jun-2026 08:33:00 UTC] Xdebug: [Step Debug] Could not connect to debugging client. Tried: host.docker.internal:9003 (through xdebug.client_host/xdebug.client_port).
[04-Jun-2026 08:33:05 UTC] Xdebug: [Step Debug] Could not connect to debugging client. Tried: host.docker.internal:9003 (through xdebug.client_host/xdebug.client_port).
[04-Jun-2026 08:33:05 UTC] Xdebug: [Step Debug] Could not connect to debugging client. Tried: host.docker.internal:9003 (through xdebug.client_host/xdebug.client_port).
[04-Jun-2026 08:33:05 UTC] Xdebug: [Step Debug] Could not connect to debugging client. Tried: host.docker.internal:9003 (through xdebug.client_host/xdebug.client_port).
[04-Jun-2026 08:33:05 UTC] Xdebug: [Step Debug] Could not connect to debugging client. Tried: host.docker.internal:9003 (through xdebug.client_host/xdebug.client_port).
[04-Jun-2026 08:33:07 UTC] Xdebug: [Step Debug] Could not connect to debugging client. Tried: host.docker.internal:9003 (through xdebug.client_host/xdebug.client_port).
[04-Jun-2026 08:33:07 UTC] Xdebug: [Step Debug] Could not connect to debugging client. Tried: host.docker.internal:9003 (through xdebug.client_host/xdebug.client_port).
[04-Jun-2026 08:33:07 UTC] Xdebug: [Step Debug] Could not connect to debugging client. Tried: host.docker.internal:9003 (through xdebug.client_host/xdebug.client_port).
[04-Jun-2026 08:33:07 UTC] Xdebug: [Step Debug] Could not connect to debugging client. Tried: host.docker.internal:9003 (through xdebug.client_host/xdebug.client_port).
[04-Jun-2026 08:33:19 UTC] Xdebug: [Step Debug] Could not connect to debugging client. Tried: host.docker.internal:9003 (through xdebug.client_host/xdebug.client_port).
[04-Jun-2026 08:33:29 UTC] Xdebug: [Step Debug] Could not connect to debugging client. Tried: host.docker.internal:9003 (through xdebug.client_host/xdebug.client_port).
[04-Jun-2026 08:33:29 UTC] Xdebug: [Step Debug] Could not connect to debugging client. Tried: host.docker.internal:9003 (through xdebug.client_host/xdebug.client_port).
[04-Jun-2026 08:33:41 UTC] Xdebug: [Step Debug] Could not connect to debugging client. Tried: host.docker.internal:9003 (through xdebug.client_host/xdebug.client_port).
[04-Jun-2026 08:33:41 UTC] Xdebug: [Step Debug] Could not connect to debugging client. Tried: host.docker.internal:9003 (through xdebug.client_host/xdebug.client_port).
[04-Jun-2026 08:33:41 UTC] Xdebug: [Step Debug] Could not connect to debugging client. Tried: host.docker.internal:9003 (through xdebug.client_host/xdebug.client_port).
[04-Jun-2026 08:33:41 UTC] Xdebug: [Step Debug] Could not connect to debugging client. Tried: host.docker.internal:9003 (through xdebug.client_host/xdebug.client_port).
[04-Jun-2026 08:33:45 UTC] Xdebug: [Step Debug] Could not connect to debugging client. Tried: host.docker.internal:9003 (through xdebug.client_host/xdebug.client_port).
[04-Jun-2026 08:33:45 UTC] Xdebug: [Step Debug] Could not connect to debugging client. Tried: host.docker.internal:9003 (through xdebug.client_host/xdebug.client_port).
[04-Jun-2026 08:34:59 UTC] Xdebug: [Step Debug] Could not connect to debugging client. Tried: host.docker.internal:9003 (through xdebug.client_host/xdebug.client_port).
[04-Jun-2026 08:34:59 UTC] Xdebug: [Step Debug] Could not connect to debugging client. Tried: host.docker.internal:9003 (through xdebug.client_host/xdebug.client_port).
[04-Jun-2026 08:34:59 UTC] Xdebug: [Step Debug] Could not connect to debugging client. Tried: host.docker.internal:9003 (through xdebug.client_host/xdebug.client_port).
[04-Jun-2026 08:34:59 UTC] Xdebug: [Step Debug] Could not connect to debugging client. Tried: host.docker.internal:9003 (through xdebug.client_host/xdebug.client_port).
[04-Jun-2026 08:35:24 UTC] Xdebug: [Step Debug] Could not connect to debugging client. Tried: host.docker.internal:9003 (through xdebug.client_host/xdebug.client_port).
[04-Jun-2026 08:35:24 UTC] Xdebug: [Step Debug] Could not connect to debugging client. Tried: host.docker.internal:9003 (through xdebug.client_host/xdebug.client_port).
[04-Jun-2026 08:35:24 UTC] Xdebug: [Step Debug] Could not connect to debugging client. Tried: host.docker.internal:9003 (through xdebug.client_host/xdebug.client_port).
[04-Jun-2026 08:35:24 UTC] Xdebug: [Step Debug] Could not connect to debugging client. Tried: host.docker.internal:9003 (through xdebug.client_host/xdebug.client_port).
[04-Jun-2026 08:35:25 UTC] Xdebug: [Step Debug] Could not connect to debugging client. Tried: host.docker.internal:9003 (through xdebug.client_host/xdebug.client_port).
[04-Jun-2026 08:35:31 UTC] Xdebug: [Step Debug] Could not connect to debugging client. Tried: host.docker.internal:9003 (through xdebug.client_host/xdebug.client_port).
[04-Jun-2026 08:35:31 UTC] Xdebug: [Step Debug] Could not connect to debugging client. Tried: host.docker.internal:9003 (through xdebug.client_host/xdebug.client_port).
[04-Jun-2026 08:54:33 UTC] PHP Fatal error:  Uncaught ErrorException: Array to string conversion in /var/www/html/vendor/cassetta_attrezzi_php/cassetta_attrezzi_php/app/Classes/Gestione_db.php:341
Stack trace:
#0 [internal function]: indi\Classes\Segnalazioni_e_log->indi\Classes\{closure}()
#1 /var/www/html/vendor/cassetta_attrezzi_php/cassetta_attrezzi_php/app/Classes/Gestione_db.php(341): PDOStatement->execute()
#2 /var/www/html/preleva_base_dati.php(24): indi\Classes\Gestione_db->preleva_da_db()
#3 {main}
  thrown in /var/www/html/vendor/cassetta_attrezzi_php/cassetta_attrezzi_php/app/Classes/Gestione_db.php on line 341
[04-Jun-2026 13:17:45 UTC] Xdebug: [Step Debug] Could not connect to debugging client. Tried: host.docker.internal:9003 (through xdebug.client_host/xdebug.client_port).
[04-Jun-2026 13:17:46 UTC] PHP Fatal error:  Uncaught PDOException: PDO::__construct(): php_network_getaddresses: getaddrinfo for mysql-01-dev.db.indi.local failed: Temporary failure in name resolution in /var/www/html/vendor/cassetta_attrezzi_php/cassetta_attrezzi_php/app/Classes/Gestione_db.php:498
Stack trace:
#0 /var/www/html/vendor/cassetta_attrezzi_php/cassetta_attrezzi_php/app/Classes/Gestione_db.php(498): PDO->__construct()
#1 /var/www/html/vendor/cassetta_attrezzi_php/cassetta_attrezzi_php/app/Classes/Gestione_db.php(41): indi\Classes\Gestione_db->connetti()
#2 /var/www/html/vendor/cassetta_attrezzi_php/cassetta_attrezzi_php/app/Classes/Invia_mail.php(90): indi\Classes\Gestione_db->__construct()
#3 /var/www/html/vendor/cassetta_attrezzi_php/cassetta_attrezzi_php/app/Classes/Segnalazioni_e_log.php(58): indi\Classes\Invia_mail->__construct()
#4 /var/www/html/preleva_basi_dati.php(13): indi\Classes\Segnalazioni_e_log->__construct()
#5 {main}

Next PDOException: SQLSTATE[HY000] [2002] php_network_getaddresses: getaddrinfo for mysql-01-dev.db.indi.local failed: Temporary failure in name resolution in /var/www/html/vendor/cassetta_attrezzi_php/cassetta_attrezzi_php/app/Classes/Gestione_db.php:498
Stack trace:
#0 /var/www/html/vendor/cassetta_attrezzi_php/cassetta_attrezzi_php/app/Classes/Gestione_db.php(498): PDO->__construct()
#1 /var/www/html/vendor/cassetta_attrezzi_php/cassetta_attrezzi_php/app/Classes/Gestione_db.php(41): indi\Classes\Gestione_db->connetti()
#2 /var/www/html/vendor/cassetta_attrezzi_php/cassetta_attrezzi_php/app/Classes/Invia_mail.php(90): indi\Classes\Gestione_db->__construct()
#3 /var/www/html/vendor/cassetta_attrezzi_php/cassetta_attrezzi_php/app/Classes/Segnalazioni_e_log.php(58): indi\Classes\Invia_mail->__construct()
#4 /var/www/html/preleva_basi_dati.php(13): indi\Classes\Segnalazioni_e_log->__construct()
#5 {main}
  thrown in /var/www/html/vendor/cassetta_attrezzi_php/cassetta_attrezzi_php/app/Classes/Gestione_db.php on line 498
[08-Jun-2026 06:32:44 UTC] Xdebug: [Step Debug] Could not connect to debugging client. Tried: host.docker.internal:9003 (through xdebug.client_host/xdebug.client_port).
[08-Jun-2026 06:32:44 UTC] Xdebug: [Step Debug] Could not connect to debugging client. Tried: host.docker.internal:9003 (through xdebug.client_host/xdebug.client_port).
[08-Jun-2026 06:32:44 UTC] Xdebug: [Step Debug] Could not connect to debugging client. Tried: host.docker.internal:9003 (through xdebug.client_host/xdebug.client_port).
[08-Jun-2026 06:32:44 UTC] Xdebug: [Step Debug] Could not connect to debugging client. Tried: host.docker.internal:9003 (through xdebug.client_host/xdebug.client_port).
[12-Jun-2026 06:43:36 UTC] Xdebug: [Step Debug] Could not connect to debugging client. Tried: host.docker.internal:9003 (through xdebug.client_host/xdebug.client_port).
[12-Jun-2026 06:43:36 UTC] Xdebug: [Step Debug] Could not connect to debugging client. Tried: host.docker.internal:9003 (through xdebug.client_host/xdebug.client_port).
[12-Jun-2026 06:43:36 UTC] Xdebug: [Step Debug] Could not connect to debugging client. Tried: host.docker.internal:9003 (through xdebug.client_host/xdebug.client_port).
[12-Jun-2026 06:43:36 UTC] Xdebug: [Step Debug] Could not connect to debugging client. Tried: host.docker.internal:9003 (through xdebug.client_host/xdebug.client_port).
[12-Jun-2026 06:43:52 UTC] Xdebug: [Step Debug] Could not connect to debugging client. Tried: host.docker.internal:9003 (through xdebug.client_host/xdebug.client_port).
[12-Jun-2026 06:43:52 UTC] Xdebug: [Step Debug] Could not connect to debugging client. Tried: host.docker.internal:9003 (through xdebug.client_host/xdebug.client_port).
[23-Jun-2026 10:37:29 UTC] Xdebug: [Step Debug] Could not connect to debugging client. Tried: host.docker.internal:9003 (through xdebug.client_host/xdebug.client_port).
[23-Jun-2026 10:37:29 UTC] Xdebug: [Step Debug] Could not connect to debugging client. Tried: host.docker.internal:9003 (through xdebug.client_host/xdebug.client_port).
[23-Jun-2026 10:37:29 UTC] Xdebug: [Step Debug] Could not connect to debugging client. Tried: host.docker.internal:9003 (through xdebug.client_host/xdebug.client_port).
[23-Jun-2026 10:37:29 UTC] Xdebug: [Step Debug] Could not connect to debugging client. Tried: host.docker.internal:9003 (through xdebug.client_host/xdebug.client_port).
[23-Jun-2026 10:43:18 UTC] Xdebug: [Step Debug] Could not connect to debugging client. Tried: host.docker.internal:9003 (through xdebug.client_host/xdebug.client_port).
[23-Jun-2026 10:43:18 UTC] Xdebug: [Step Debug] Could not connect to debugging client. Tried: host.docker.internal:9003 (through xdebug.client_host/xdebug.client_port).
[23-Jun-2026 10:43:18 UTC] Xdebug: [Step Debug] Could not connect to debugging client. Tried: host.docker.internal:9003 (through xdebug.client_host/xdebug.client_port).
[23-Jun-2026 10:43:18 UTC] Xdebug: [Step Debug] Could not connect to debugging client. Tried: host.docker.internal:9003 (through xdebug.client_host/xdebug.client_port).
[23-Jun-2026 10:43:20 UTC] Xdebug: [Step Debug] Could not connect to debugging client. Tried: host.docker.internal:9003 (through xdebug.client_host/xdebug.client_port).
[23-Jun-2026 10:43:21 UTC] Xdebug: [Step Debug] Could not connect to debugging client. Tried: host.docker.internal:9003 (through xdebug.client_host/xdebug.client_port).
[23-Jun-2026 10:43:42 UTC] Xdebug: [Step Debug] Could not connect to debugging client. Tried: host.docker.internal:9003 (through xdebug.client_host/xdebug.client_port).
[23-Jun-2026 10:43:45 UTC] Xdebug: [Step Debug] Could not connect to debugging client. Tried: host.docker.internal:9003 (through xdebug.client_host/xdebug.client_port).
[23-Jun-2026 10:43:46 UTC] Xdebug: [Step Debug] Could not connect to debugging client. Tried: host.docker.internal:9003 (through xdebug.client_host/xdebug.client_port).
[23-Jun-2026 10:43:49 UTC] Xdebug: [Step Debug] Could not connect to debugging client. Tried: host.docker.internal:9003 (through xdebug.client_host/xdebug.client_port).
[23-Jun-2026 10:43:49 UTC] Xdebug: [Step Debug] Could not connect to debugging client. Tried: host.docker.internal:9003 (through xdebug.client_host/xdebug.client_port).
[23-Jun-2026 10:44:52 UTC] Xdebug: [Step Debug] Could not connect to debugging client. Tried: host.docker.internal:9003 (through xdebug.client_host/xdebug.client_port).
[23-Jun-2026 10:44:52 UTC] Xdebug: [Step Debug] Could not connect to debugging client. Tried: host.docker.internal:9003 (through xdebug.client_host/xdebug.client_port).
[23-Jun-2026 10:44:58 UTC] Xdebug: [Step Debug] Could not connect to debugging client. Tried: host.docker.internal:9003 (through xdebug.client_host/xdebug.client_port).
[23-Jun-2026 10:44:58 UTC] Xdebug: [Step Debug] Could not connect to debugging client. Tried: host.docker.internal:9003 (through xdebug.client_host/xdebug.client_port).
[23-Jun-2026 10:45:03 UTC] Xdebug: [Step Debug] Could not connect to debugging client. Tried: host.docker.internal:9003 (through xdebug.client_host/xdebug.client_port).
[23-Jun-2026 10:45:03 UTC] Xdebug: [Step Debug] Could not connect to debugging client. Tried: host.docker.internal:9003 (through xdebug.client_host/xdebug.client_port).
[23-Jun-2026 10:45:14 UTC] Xdebug: [Step Debug] Could not connect to debugging client. Tried: host.docker.internal:9003 (through xdebug.client_host/xdebug.client_port).
[23-Jun-2026 10:45:14 UTC] Xdebug: [Step Debug] Could not connect to debugging client. Tried: host.docker.internal:9003 (through xdebug.client_host/xdebug.client_port).
[23-Jun-2026 10:45:23 UTC] Xdebug: [Step Debug] Could not connect to debugging client. Tried: host.docker.internal:9003 (through xdebug.client_host/xdebug.client_port).
[23-Jun-2026 10:45:25 UTC] Xdebug: [Step Debug] Could not connect to debugging client. Tried: host.docker.internal:9003 (through xdebug.client_host/xdebug.client_port).
[23-Jun-2026 10:45:25 UTC] Xdebug: [Step Debug] Could not connect to debugging client. Tried: host.docker.internal:9003 (through xdebug.client_host/xdebug.client_port).
[23-Jun-2026 10:45:27 UTC] Xdebug: [Step Debug] Could not connect to debugging client. Tried: host.docker.internal:9003 (through xdebug.client_host/xdebug.client_port).
[23-Jun-2026 10:45:27 UTC] Xdebug: [Step Debug] Could not connect to debugging client. Tried: host.docker.internal:9003 (through xdebug.client_host/xdebug.client_port).
[23-Jun-2026 10:45:33 UTC] Xdebug: [Step Debug] Could not connect to debugging client. Tried: host.docker.internal:9003 (through xdebug.client_host/xdebug.client_port).
[23-Jun-2026 10:45:34 UTC] Xdebug: [Step Debug] Could not connect to debugging client. Tried: host.docker.internal:9003 (through xdebug.client_host/xdebug.client_port).
[23-Jun-2026 10:45:38 UTC] Xdebug: [Step Debug] Could not connect to debugging client. Tried: host.docker.internal:9003 (through xdebug.client_host/xdebug.client_port).
[23-Jun-2026 10:45:38 UTC] Xdebug: [Step Debug] Could not connect to debugging client. Tried: host.docker.internal:9003 (through xdebug.client_host/xdebug.client_port).
[23-Jun-2026 10:45:38 UTC] Xdebug: [Step Debug] Could not connect to debugging client. Tried: host.docker.internal:9003 (through xdebug.client_host/xdebug.client_port).
[23-Jun-2026 10:45:38 UTC] Xdebug: [Step Debug] Could not connect to debugging client. Tried: host.docker.internal:9003 (through xdebug.client_host/xdebug.client_port).
[23-Jun-2026 10:47:41 UTC] PHP Fatal error:  Uncaught ValueError: array_combine(): Argument #1 ($keys) and argument #2 ($values) must have the same number of elements in /var/www/html/vendor/cassetta_attrezzi_php/cassetta_attrezzi_php/app/Classes/Csv.php:118
Stack trace:
#0 /var/www/html/vendor/cassetta_attrezzi_php/cassetta_attrezzi_php/app/Classes/Csv.php(118): array_combine()
#1 /var/www/html/crea_elaborazione.php(91): indi\Classes\Csv->converti_in_array()
#2 {main}
  thrown in /var/www/html/vendor/cassetta_attrezzi_php/cassetta_attrezzi_php/app/Classes/Csv.php on line 118
[23-Jun-2026 10:48:23 UTC] PHP Fatal error:  Uncaught ValueError: array_combine(): Argument #1 ($keys) and argument #2 ($values) must have the same number of elements in /var/www/html/vendor/cassetta_attrezzi_php/cassetta_attrezzi_php/app/Classes/Csv.php:118
Stack trace:
#0 /var/www/html/vendor/cassetta_attrezzi_php/cassetta_attrezzi_php/app/Classes/Csv.php(118): array_combine()
#1 /var/www/html/crea_elaborazione.php(91): indi\Classes\Csv->converti_in_array()
#2 {main}
  thrown in /var/www/html/vendor/cassetta_attrezzi_php/cassetta_attrezzi_php/app/Classes/Csv.php on line 118
[23-Jun-2026 10:50:45 UTC] PHP Fatal error:  Uncaught ValueError: array_combine(): Argument #1 ($keys) and argument #2 ($values) must have the same number of elements in /var/www/html/vendor/cassetta_attrezzi_php/cassetta_attrezzi_php/app/Classes/Csv.php:118
Stack trace:
#0 /var/www/html/vendor/cassetta_attrezzi_php/cassetta_attrezzi_php/app/Classes/Csv.php(118): array_combine()
#1 /var/www/html/crea_elaborazione.php(91): indi\Classes\Csv->converti_in_array()
#2 {main}
  thrown in /var/www/html/vendor/cassetta_attrezzi_php/cassetta_attrezzi_php/app/Classes/Csv.php on line 118
[24-Jun-2026 10:32:33 UTC] Xdebug: [Step Debug] Could not connect to debugging client. Tried: host.docker.internal:9003 (through xdebug.client_host/xdebug.client_port).
[24-Jun-2026 10:32:33 UTC] Xdebug: [Step Debug] Could not connect to debugging client. Tried: host.docker.internal:9003 (through xdebug.client_host/xdebug.client_port).
[24-Jun-2026 10:32:33 UTC] Xdebug: [Step Debug] Could not connect to debugging client. Tried: host.docker.internal:9003 (through xdebug.client_host/xdebug.client_port).
[24-Jun-2026 10:32:33 UTC] Xdebug: [Step Debug] Could not connect to debugging client. Tried: host.docker.internal:9003 (through xdebug.client_host/xdebug.client_port).
[24-Jun-2026 10:34:00 UTC] Xdebug: [Step Debug] Could not connect to debugging client. Tried: host.docker.internal:9003 (through xdebug.client_host/xdebug.client_port).
[24-Jun-2026 10:34:03 UTC] Xdebug: [Step Debug] Could not connect to debugging client. Tried: host.docker.internal:9003 (through xdebug.client_host/xdebug.client_port).
[24-Jun-2026 10:34:03 UTC] Xdebug: [Step Debug] Could not connect to debugging client. Tried: host.docker.internal:9003 (through xdebug.client_host/xdebug.client_port).
[24-Jun-2026 10:34:05 UTC] Xdebug: [Step Debug] Could not connect to debugging client. Tried: host.docker.internal:9003 (through xdebug.client_host/xdebug.client_port).
[24-Jun-2026 10:34:05 UTC] Xdebug: [Step Debug] Could not connect to debugging client. Tried: host.docker.internal:9003 (through xdebug.client_host/xdebug.client_port).
[24-Jun-2026 10:34:12 UTC] Xdebug: [Step Debug] Could not connect to debugging client. Tried: host.docker.internal:9003 (through xdebug.client_host/xdebug.client_port).
[24-Jun-2026 10:34:13 UTC] Xdebug: [Step Debug] Could not connect to debugging client. Tried: host.docker.internal:9003 (through xdebug.client_host/xdebug.client_port).
[24-Jun-2026 10:34:15 UTC] Xdebug: [Step Debug] Could not connect to debugging client. Tried: host.docker.internal:9003 (through xdebug.client_host/xdebug.client_port).
[24-Jun-2026 10:34:15 UTC] Xdebug: [Step Debug] Could not connect to debugging client. Tried: host.docker.internal:9003 (through xdebug.client_host/xdebug.client_port).
[24-Jun-2026 10:34:17 UTC] Xdebug: [Step Debug] Could not connect to debugging client. Tried: host.docker.internal:9003 (through xdebug.client_host/xdebug.client_port).
[24-Jun-2026 10:34:17 UTC] Xdebug: [Step Debug] Could not connect to debugging client. Tried: host.docker.internal:9003 (through xdebug.client_host/xdebug.client_port).
[24-Jun-2026 10:34:22 UTC] Xdebug: [Step Debug] Could not connect to debugging client. Tried: host.docker.internal:9003 (through xdebug.client_host/xdebug.client_port).
[24-Jun-2026 10:34:22 UTC] Xdebug: [Step Debug] Could not connect to debugging client. Tried: host.docker.internal:9003 (through xdebug.client_host/xdebug.client_port).
[24-Jun-2026 10:34:25 UTC] Xdebug: [Step Debug] Could not connect to debugging client. Tried: host.docker.internal:9003 (through xdebug.client_host/xdebug.client_port).
[24-Jun-2026 10:34:25 UTC] Xdebug: [Step Debug] Could not connect to debugging client. Tried: host.docker.internal:9003 (through xdebug.client_host/xdebug.client_port).
[24-Jun-2026 10:34:31 UTC] Xdebug: [Step Debug] Could not connect to debugging client. Tried: host.docker.internal:9003 (through xdebug.client_host/xdebug.client_port).
[24-Jun-2026 10:34:31 UTC] Xdebug: [Step Debug] Could not connect to debugging client. Tried: host.docker.internal:9003 (through xdebug.client_host/xdebug.client_port).
[24-Jun-2026 10:34:34 UTC] Xdebug: [Step Debug] Could not connect to debugging client. Tried: host.docker.internal:9003 (through xdebug.client_host/xdebug.client_port).
[24-Jun-2026 10:34:34 UTC] Xdebug: [Step Debug] Could not connect to debugging client. Tried: host.docker.internal:9003 (through xdebug.client_host/xdebug.client_port).
[24-Jun-2026 10:34:34 UTC] Xdebug: [Step Debug] Could not connect to debugging client. Tried: host.docker.internal:9003 (through xdebug.client_host/xdebug.client_port).
[24-Jun-2026 10:34:34 UTC] Xdebug: [Step Debug] Could not connect to debugging client. Tried: host.docker.internal:9003 (through xdebug.client_host/xdebug.client_port).
[24-Jun-2026 10:34:40 UTC] Xdebug: [Step Debug] Could not connect to debugging client. Tried: host.docker.internal:9003 (through xdebug.client_host/xdebug.client_port).
[24-Jun-2026 10:34:40 UTC] Xdebug: [Step Debug] Could not connect to debugging client. Tried: host.docker.internal:9003 (through xdebug.client_host/xdebug.client_port).
[25-Jun-2026 07:53:20 UTC] Xdebug: [Step Debug] Could not connect to debugging client. Tried: host.docker.internal:9003 (through xdebug.client_host/xdebug.client_port).
[25-Jun-2026 07:53:20 UTC] Xdebug: [Step Debug] Could not connect to debugging client. Tried: host.docker.internal:9003 (through xdebug.client_host/xdebug.client_port).
[25-Jun-2026 07:53:20 UTC] Xdebug: [Step Debug] Could not connect to debugging client. Tried: host.docker.internal:9003 (through xdebug.client_host/xdebug.client_port).
[25-Jun-2026 07:53:20 UTC] Xdebug: [Step Debug] Could not connect to debugging client. Tried: host.docker.internal:9003 (through xdebug.client_host/xdebug.client_port).
[25-Jun-2026 07:53:25 UTC] Xdebug: [Step Debug] Could not connect to debugging client. Tried: host.docker.internal:9003 (through xdebug.client_host/xdebug.client_port).
[25-Jun-2026 07:53:25 UTC] Xdebug: [Step Debug] Could not connect to debugging client. Tried: host.docker.internal:9003 (through xdebug.client_host/xdebug.client_port).
[25-Jun-2026 07:53:58 UTC] Xdebug: [Step Debug] Could not connect to debugging client. Tried: host.docker.internal:9003 (through xdebug.client_host/xdebug.client_port).
[25-Jun-2026 07:53:58 UTC] Xdebug: [Step Debug] Could not connect to debugging client. Tried: host.docker.internal:9003 (through xdebug.client_host/xdebug.client_port).
[25-Jun-2026 07:53:58 UTC] Xdebug: [Step Debug] Could not connect to debugging client. Tried: host.docker.internal:9003 (through xdebug.client_host/xdebug.client_port).
[25-Jun-2026 07:53:58 UTC] Xdebug: [Step Debug] Could not connect to debugging client. Tried: host.docker.internal:9003 (through xdebug.client_host/xdebug.client_port).
[25-Jun-2026 07:54:00 UTC] Xdebug: [Step Debug] Could not connect to debugging client. Tried: host.docker.internal:9003 (through xdebug.client_host/xdebug.client_port).
[25-Jun-2026 07:54:00 UTC] Xdebug: [Step Debug] Could not connect to debugging client. Tried: host.docker.internal:9003 (through xdebug.client_host/xdebug.client_port).
[25-Jun-2026 07:54:00 UTC] Xdebug: [Step Debug] Could not connect to debugging client. Tried: host.docker.internal:9003 (through xdebug.client_host/xdebug.client_port).
[25-Jun-2026 07:54:03 UTC] Xdebug: [Step Debug] Could not connect to debugging client. Tried: host.docker.internal:9003 (through xdebug.client_host/xdebug.client_port).
[25-Jun-2026 07:54:03 UTC] Xdebug: [Step Debug] Could not connect to debugging client. Tried: host.docker.internal:9003 (through xdebug.client_host/xdebug.client_port).
[25-Jun-2026 08:34:29 UTC] Xdebug: [Step Debug] Could not connect to debugging client. Tried: host.docker.internal:9003 (through xdebug.client_host/xdebug.client_port).
[25-Jun-2026 08:34:29 UTC] Xdebug: [Step Debug] Could not connect to debugging client. Tried: host.docker.internal:9003 (through xdebug.client_host/xdebug.client_port).
[25-Jun-2026 08:34:29 UTC] Xdebug: [Step Debug] Could not connect to debugging client. Tried: host.docker.internal:9003 (through xdebug.client_host/xdebug.client_port).
[25-Jun-2026 08:34:29 UTC] Xdebug: [Step Debug] Could not connect to debugging client. Tried: host.docker.internal:9003 (through xdebug.client_host/xdebug.client_port).
[25-Jun-2026 08:34:37 UTC] Xdebug: [Step Debug] Could not connect to debugging client. Tried: host.docker.internal:9003 (through xdebug.client_host/xdebug.client_port).
[25-Jun-2026 08:34:37 UTC] Xdebug: [Step Debug] Could not connect to debugging client. Tried: host.docker.internal:9003 (through xdebug.client_host/xdebug.client_port).
[25-Jun-2026 08:34:37 UTC] Xdebug: [Step Debug] Could not connect to debugging client. Tried: host.docker.internal:9003 (through xdebug.client_host/xdebug.client_port).
[25-Jun-2026 08:34:40 UTC] Xdebug: [Step Debug] Could not connect to debugging client. Tried: host.docker.internal:9003 (through xdebug.client_host/xdebug.client_port).
[25-Jun-2026 08:34:40 UTC] Xdebug: [Step Debug] Could not connect to debugging client. Tried: host.docker.internal:9003 (through xdebug.client_host/xdebug.client_port).
[25-Jun-2026 08:50:05 UTC] PHP Warning:  foreach() argument must be of type array|object, bool given in /var/www/html/vendor/cassetta_attrezzi_php/cassetta_attrezzi_php/app/Classes/Gestione_db.php on line 61
[25-Jun-2026 08:50:54 UTC] PHP Fatal error:  Uncaught PDOException: There is no active transaction in /var/www/html/vendor/cassetta_attrezzi_php/cassetta_attrezzi_php/app/Classes/Gestione_db.php:523
Stack trace:
#0 /var/www/html/vendor/cassetta_attrezzi_php/cassetta_attrezzi_php/app/Classes/Gestione_db.php(523): PDO->rollBack()
#1 /var/www/html/elimina_lavoro.php(84): indi\Classes\Gestione_db->sblocca_db()
#2 {main}
  thrown in /var/www/html/vendor/cassetta_attrezzi_php/cassetta_attrezzi_php/app/Classes/Gestione_db.php on line 523
[25-Jun-2026 08:51:51 UTC] PHP Fatal error:  Uncaught PDOException: There is no active transaction in /var/www/html/vendor/cassetta_attrezzi_php/cassetta_attrezzi_php/app/Classes/Gestione_db.php:523
Stack trace:
#0 /var/www/html/vendor/cassetta_attrezzi_php/cassetta_attrezzi_php/app/Classes/Gestione_db.php(523): PDO->rollBack()
#1 /var/www/html/elimina_lavoro.php(84): indi\Classes\Gestione_db->sblocca_db()
#2 {main}
  thrown in /var/www/html/vendor/cassetta_attrezzi_php/cassetta_attrezzi_php/app/Classes/Gestione_db.php on line 523
[25-Jun-2026 08:53:20 UTC] PHP Fatal error:  Uncaught PDOException: There is no active transaction in /var/www/html/vendor/cassetta_attrezzi_php/cassetta_attrezzi_php/app/Classes/Gestione_db.php:523
Stack trace:
#0 /var/www/html/vendor/cassetta_attrezzi_php/cassetta_attrezzi_php/app/Classes/Gestione_db.php(523): PDO->rollBack()
#1 /var/www/html/elimina_lavoro.php(84): indi\Classes\Gestione_db->sblocca_db()
#2 {main}
  thrown in /var/www/html/vendor/cassetta_attrezzi_php/cassetta_attrezzi_php/app/Classes/Gestione_db.php on line 523
[30-Jun-2026 09:10:34 UTC] Xdebug: [Step Debug] Could not connect to debugging client. Tried: host.docker.internal:9003 (through xdebug.client_host/xdebug.client_port).
[30-Jun-2026 09:10:34 UTC] Xdebug: [Step Debug] Could not connect to debugging client. Tried: host.docker.internal:9003 (through xdebug.client_host/xdebug.client_port).
[30-Jun-2026 09:10:34 UTC] Xdebug: [Step Debug] Could not connect to debugging client. Tried: host.docker.internal:9003 (through xdebug.client_host/xdebug.client_port).
[30-Jun-2026 09:10:34 UTC] Xdebug: [Step Debug] Could not connect to debugging client. Tried: host.docker.internal:9003 (through xdebug.client_host/xdebug.client_port).
[30-Jun-2026 09:12:08 UTC] PHP Warning:  Undefined variable $targetPath in /var/www/html/crea_elaborazione.php on line 153
[30-Jun-2026 09:12:08 UTC] PHP Deprecated:  file_exists(): Passing null to parameter #1 ($filename) of type string is deprecated in /var/www/html/crea_elaborazione.php on line 153
[30-Jun-2026 13:53:02 UTC] Xdebug: [Step Debug] Could not connect to debugging client. Tried: host.docker.internal:9003 (through xdebug.client_host/xdebug.client_port).
[30-Jun-2026 13:53:02 UTC] Xdebug: [Step Debug] Could not connect to debugging client. Tried: host.docker.internal:9003 (through xdebug.client_host/xdebug.client_port).
[30-Jun-2026 13:53:02 UTC] Xdebug: [Step Debug] Could not connect to debugging client. Tried: host.docker.internal:9003 (through xdebug.client_host/xdebug.client_port).
[30-Jun-2026 13:53:02 UTC] Xdebug: [Step Debug] Could not connect to debugging client. Tried: host.docker.internal:9003 (through xdebug.client_host/xdebug.client_port).
[01-Jul-2026 13:36:46 UTC] Xdebug: [Step Debug] Could not connect to debugging client. Tried: host.docker.internal:9003 (through xdebug.client_host/xdebug.client_port).
[01-Jul-2026 13:36:46 UTC] Xdebug: [Step Debug] Could not connect to debugging client. Tried: host.docker.internal:9003 (through xdebug.client_host/xdebug.client_port).
[01-Jul-2026 13:36:46 UTC] Xdebug: [Step Debug] Could not connect to debugging client. Tried: host.docker.internal:9003 (through xdebug.client_host/xdebug.client_port).
[01-Jul-2026 13:36:46 UTC] Xdebug: [Step Debug] Could not connect to debugging client. Tried: host.docker.internal:9003 (through xdebug.client_host/xdebug.client_port).
[09-Jul-2026 08:36:09 UTC] Xdebug: [Step Debug] Could not connect to debugging client. Tried: host.docker.internal:9003 (through xdebug.client_host/xdebug.client_port).
[09-Jul-2026 08:36:09 UTC] Xdebug: [Step Debug] Could not connect to debugging client. Tried: host.docker.internal:9003 (through xdebug.client_host/xdebug.client_port).
[09-Jul-2026 08:36:09 UTC] Xdebug: [Step Debug] Could not connect to debugging client. Tried: host.docker.internal:9003 (through xdebug.client_host/xdebug.client_port).
[09-Jul-2026 08:36:09 UTC] Xdebug: [Step Debug] Could not connect to debugging client. Tried: host.docker.internal:9003 (through xdebug.client_host/xdebug.client_port).
[09-Jul-2026 08:39:24 UTC] PHP Fatal error:  Declaration of indi\Classes\Elaborazione_postale_target::genera_etichette_bancale($tabella, $folder_out) must be compatible with indi\Classes\Elaborazione_postale::genera_etichette_bancale($tabella, $folder_out, $nome_file = null) in /var/www/html/vendor/elaborazione_postale/elaborazione_postale/app/Classes/Elaborazione_postale_target.php on line 592
[09-Jul-2026 08:39:45 UTC] PHP Fatal error:  Declaration of indi\Classes\Elaborazione_postale_target::genera_etichette_bancale($tabella, $folder_out) must be compatible with indi\Classes\Elaborazione_postale::genera_etichette_bancale($tabella, $folder_out, $nome_file = null) in /var/www/html/vendor/elaborazione_postale/elaborazione_postale/app/Classes/Elaborazione_postale_target.php on line 592
[09-Jul-2026 13:08:42 UTC] PHP Fatal error:  Uncaught Error: Call to a member function scrivi_log() on null in /var/www/html/vendor/cassetta_attrezzi_php/cassetta_attrezzi_php/app/Classes/Csv.php:313
Stack trace:
#0 /var/www/html/chiudi_elaborazione.php(56): indi\Classes\Csv->scrivi_array()
#1 {main}
  thrown in /var/www/html/vendor/cassetta_attrezzi_php/cassetta_attrezzi_php/app/Classes/Csv.php on line 313
[09-Jul-2026 13:30:57 UTC] PHP Warning:  Undefined variable $targetPath in /var/www/html/crea_elaborazione.php on line 159
[09-Jul-2026 13:30:57 UTC] PHP Deprecated:  file_exists(): Passing null to parameter #1 ($filename) of type string is deprecated in /var/www/html/crea_elaborazione.php on line 159
[14-Jul-2026 06:49:26 UTC] Xdebug: [Step Debug] Could not connect to debugging client. Tried: host.docker.internal:9003 (through xdebug.client_host/xdebug.client_port).
[14-Jul-2026 06:49:26 UTC] Xdebug: [Step Debug] Could not connect to debugging client. Tried: host.docker.internal:9003 (through xdebug.client_host/xdebug.client_port).
[14-Jul-2026 06:49:26 UTC] Xdebug: [Step Debug] Could not connect to debugging client. Tried: host.docker.internal:9003 (through xdebug.client_host/xdebug.client_port).
[14-Jul-2026 06:49:26 UTC] Xdebug: [Step Debug] Could not connect to debugging client. Tried: host.docker.internal:9003 (through xdebug.client_host/xdebug.client_port).
[14-Jul-2026 06:49:53 UTC] Xdebug: [Step Debug] Could not connect to debugging client. Tried: host.docker.internal:9003 (through xdebug.client_host/xdebug.client_port).
[14-Jul-2026 06:49:53 UTC] Xdebug: [Step Debug] Could not connect to debugging client. Tried: host.docker.internal:9003 (through xdebug.client_host/xdebug.client_port).
[14-Jul-2026 06:49:53 UTC] Xdebug: [Step Debug] Could not connect to debugging client. Tried: host.docker.internal:9003 (through xdebug.client_host/xdebug.client_port).
[14-Jul-2026 06:49:53 UTC] Xdebug: [Step Debug] Could not connect to debugging client. Tried: host.docker.internal:9003 (through xdebug.client_host/xdebug.client_port).
[15-Jul-2026 07:23:03 UTC] Xdebug: [Step Debug] Could not connect to debugging client. Tried: host.docker.internal:9003 (through xdebug.client_host/xdebug.client_port).
